---
source: tests/test.rs
expression: res
input_file: tests/tuple.rsh
---
Ok(Module(
  header: Header(
    version: (1, 0, 0),
    generator: 1920299892,
  ),
  types: [
    Type(
      name: None,
      inner: Scalar(
        kind: Sint,
        width: 4,
      ),
    ),
    Type(
      name: None,
      inner: Scalar(
        kind: Float,
        width: 4,
      ),
    ),
    Type(
      name: None,
      inner: Struct(
        block: true,
        members: [
          StructMember(
            name: None,
            span: None,
            ty: 1,
          ),
          StructMember(
            name: None,
            span: None,
            ty: 2,
          ),
        ],
      ),
    ),
  ],
  constants: [
    Constant(
      name: None,
      specialization: None,
      inner: Scalar(
        width: 4,
        value: Uint(0),
      ),
    ),
    Constant(
      name: None,
      specialization: None,
      inner: Scalar(
        width: 4,
        value: Float(3),
      ),
    ),
  ],
  global_variables: [],
  functions: [
    Function(
      name: Some("not_tuple"),
      arguments: [],
      return_type: Some(1),
      global_usage: [],
      local_variables: [],
      expressions: [
        Constant(1),
      ],
      body: [
        Return(
          value: Some(1),
        ),
      ],
    ),
    Function(
      name: Some("tuple"),
      arguments: [],
      return_type: Some(3),
      global_usage: [],
      local_variables: [],
      expressions: [
        Constant(1),
        Constant(2),
        Compose(
          ty: 3,
          components: [
            1,
            2,
          ],
        ),
      ],
      body: [
        Return(
          value: Some(3),
        ),
      ],
    ),
    Function(
      name: Some("tuple_access"),
      arguments: [],
      return_type: Some(1),
      global_usage: [],
      local_variables: [],
      expressions: [
        Call(
          function: 2,
          arguments: [],
        ),
        AccessIndex(
          base: 1,
          index: 0,
        ),
      ],
      body: [
        Return(
          value: Some(2),
        ),
      ],
    ),
  ],
  entry_points: {
    (Vertex, "vertex_main"): EntryPoint(
      early_depth_test: None,
      workgroup_size: (0, 0, 0),
      function: Function(
        name: None,
        arguments: [],
        return_type: None,
        global_usage: [],
        local_variables: [
          LocalVariable(
            name: Some("a"),
            ty: 1,
            init: None,
          ),
          LocalVariable(
            name: Some("b"),
            ty: 3,
            init: None,
          ),
        ],
        expressions: [
          LocalVariable(1),
          Call(
            function: 1,
            arguments: [],
          ),
          LocalVariable(2),
          Call(
            function: 2,
            arguments: [],
          ),
          LocalVariable(1),
          Call(
            function: 3,
            arguments: [],
          ),
        ],
        body: [
          Store(
            pointer: 1,
            value: 2,
          ),
          Store(
            pointer: 3,
            value: 4,
          ),
          Store(
            pointer: 5,
            value: 6,
          ),
        ],
      ),
    ),
  },
))
