---
source: tests/test.rs
expression: res
input_file: tests/constants.rsh
---
Ok(Module(
  header: Header(
    version: (1, 0, 0),
    generator: 1920299892,
  ),
  types: [
    Type(
      name: None,
      inner: Vector(
        size: Tri,
        kind: Uint,
        width: 4,
      ),
    ),
  ],
  constants: [
    Constant(
      name: None,
      specialization: None,
      inner: Scalar(
        width: 4,
        value: Uint(1),
      ),
    ),
    Constant(
      name: Some("TRUE_HELP"),
      specialization: None,
      inner: Composite(
        ty: 1,
        components: [
          1,
          1,
          1,
        ],
      ),
    ),
    Constant(
      name: None,
      specialization: None,
      inner: Scalar(
        width: 4,
        value: Uint(2),
      ),
    ),
    Constant(
      name: Some("FALSE_HELP"),
      specialization: None,
      inner: Composite(
        ty: 1,
        components: [
          3,
          3,
          3,
        ],
      ),
    ),
    Constant(
      name: Some("HELP"),
      specialization: None,
      inner: Composite(
        ty: 1,
        components: [
          3,
          3,
          3,
        ],
      ),
    ),
  ],
  global_variables: [],
  functions: [],
  entry_points: {},
))
