---
source: tests/test.rs
expression: res
input_file: tests/empty-if.rsh
---
Ok(Module(
  header: Header(
    version: (1, 0, 0),
    generator: 1920299892,
  ),
  types: [],
  constants: [
    Constant(
      name: None,
      specialization: None,
      inner: Scalar(
        width: 4,
        value: Bool(true),
      ),
    ),
  ],
  global_variables: [],
  functions: [
    Function(
      name: Some("test"),
      arguments: [],
      return_type: None,
      global_usage: [],
      local_variables: [],
      expressions: [],
      body: [],
    ),
  ],
  entry_points: {
    (Vertex, "vertex_main"): EntryPoint(
      early_depth_test: None,
      workgroup_size: (0, 0, 0),
      function: Function(
        name: None,
        arguments: [],
        return_type: None,
        global_usage: [],
        local_variables: [],
        expressions: [
          Constant(1),
        ],
        body: [
          If(
            condition: 1,
            accept: [
              Kill,
            ],
            reject: [
              Kill,
            ],
          ),
          Return(
            value: None,
          ),
        ],
      ),
    ),
  },
))
