---
source: tests/test.rs
expression: res
input_file: tests/function-ty.rsh
---
Ok(Module(
  header: Header(
    version: (1, 0, 0),
    generator: 1920299892,
  ),
  types: [
    Type(
      name: None,
      inner: Scalar(
        kind: Sint,
        width: 4,
      ),
    ),
  ],
  constants: [
    Constant(
      name: None,
      specialization: None,
      inner: Uint(0),
      ty: 1,
    ),
  ],
  global_variables: [],
  functions: [
    Function(
      name: Some("test"),
      arguments: [],
      return_type: None,
      global_usage: [],
      local_variables: [],
      expressions: [],
      body: [
        Kill,
      ],
    ),
    Function(
      name: Some("test_int"),
      arguments: [],
      return_type: Some(1),
      global_usage: [],
      local_variables: [],
      expressions: [
        Constant(1),
      ],
      body: [
        Return(
          value: Some(1),
        ),
      ],
    ),
  ],
  entry_points: {
    (Vertex, "vertex_main"): EntryPoint(
      early_depth_test: None,
      workgroup_size: (0, 0, 0),
      function: Function(
        name: None,
        arguments: [],
        return_type: None,
        global_usage: [],
        local_variables: [],
        expressions: [],
        body: [],
      ),
    ),
  },
))
