---
source: tests/test.rs
expression: res
input_file: tests/simple-program.rsh
---
Ok(Module(
  header: Header(
    version: (1, 0, 0),
    generator: 1920299892,
  ),
  types: [
    Type(
      name: None,
      inner: Vector(
        size: Quad,
        kind: Float,
        width: 4,
      ),
    ),
  ],
  constants: [],
  global_variables: [
    GlobalVariable(
      name: Some("v_position"),
      class: Input,
      binding: Some(Location(0)),
      ty: 1,
      init: None,
      interpolation: None,
      storage_access: StorageAccess(
        bits: 0,
      ),
    ),
    GlobalVariable(
      name: Some("v_color"),
      class: Input,
      binding: Some(Location(1)),
      ty: 1,
      init: None,
      interpolation: None,
      storage_access: StorageAccess(
        bits: 0,
      ),
    ),
    GlobalVariable(
      name: Some("color"),
      class: Output,
      binding: Some(Location(1)),
      ty: 1,
      init: None,
      interpolation: None,
      storage_access: StorageAccess(
        bits: 0,
      ),
    ),
    GlobalVariable(
      name: Some("gl_position"),
      class: Output,
      binding: Some(BuiltIn(Position)),
      ty: 1,
      init: None,
      interpolation: None,
      storage_access: StorageAccess(
        bits: 0,
      ),
    ),
    GlobalVariable(
      name: Some("gl_position"),
      class: Input,
      binding: Some(BuiltIn(Position)),
      ty: 1,
      init: None,
      interpolation: None,
      storage_access: StorageAccess(
        bits: 0,
      ),
    ),
  ],
  functions: [],
  entry_points: {
    (Vertex, "vertex_main"): EntryPoint(
      early_depth_test: None,
      workgroup_size: (0, 0, 0),
      function: Function(
        name: None,
        arguments: [],
        return_type: None,
        global_usage: [
          GlobalUse(
            bits: 1,
          ),
          GlobalUse(
            bits: 1,
          ),
          GlobalUse(
            bits: 2,
          ),
          GlobalUse(
            bits: 2,
          ),
          GlobalUse(
            bits: 0,
          ),
        ],
        local_variables: [],
        expressions: [
          GlobalVariable(3),
          GlobalVariable(2),
          GlobalVariable(4),
          GlobalVariable(1),
        ],
        body: [
          Store(
            pointer: 1,
            value: 2,
          ),
          Store(
            pointer: 3,
            value: 4,
          ),
        ],
      ),
    ),
    (Fragment, "frag_main"): EntryPoint(
      early_depth_test: None,
      workgroup_size: (0, 0, 0),
      function: Function(
        name: None,
        arguments: [],
        return_type: None,
        global_usage: [
          GlobalUse(
            bits: 0,
          ),
          GlobalUse(
            bits: 1,
          ),
          GlobalUse(
            bits: 2,
          ),
          GlobalUse(
            bits: 0,
          ),
          GlobalUse(
            bits: 0,
          ),
        ],
        local_variables: [],
        expressions: [
          GlobalVariable(3),
          GlobalVariable(2),
        ],
        body: [
          Store(
            pointer: 1,
            value: 2,
          ),
        ],
      ),
    ),
  },
))
